------------------------------------------------------------
TimeQuest Timing Analyzer Summary
------------------------------------------------------------

Type  : Slow 1200mV 85C Model Setup 'cpu_clk'
Slack : -6.429
TNS   : -1693.582

Type  : Slow 1200mV 85C Model Setup 'ctrl_unit:Unit0|controller:U0|ALUs_ctrl[0]'
Slack : -4.217
TNS   : -109.646

Type  : Slow 1200mV 85C Model Setup 'ctrl_unit:Unit0|controller:U0|IRld_ctrl'
Slack : -2.879
TNS   : -35.920

Type  : Slow 1200mV 85C Model Setup 'MainMemory:Unit2|clk_8th'
Slack : -2.405
TNS   : -63.916

Type  : Slow 1200mV 85C Model Hold 'ctrl_unit:Unit0|controller:U0|ALUs_ctrl[0]'
Slack : -3.033
TNS   : -44.907

Type  : Slow 1200mV 85C Model Hold 'cpu_clk'
Slack : -2.854
TNS   : -11.149

Type  : Slow 1200mV 85C Model Hold 'MainMemory:Unit2|clk_8th'
Slack : -0.904
TNS   : -9.126

Type  : Slow 1200mV 85C Model Hold 'ctrl_unit:Unit0|controller:U0|IRld_ctrl'
Slack : 1.342
TNS   : 0.000

Type  : Slow 1200mV 85C Model Recovery 'cpu_clk'
Slack : -0.698
TNS   : -11.168

Type  : Slow 1200mV 85C Model Removal 'cpu_clk'
Slack : 1.214
TNS   : 0.000

Type  : Slow 1200mV 85C Model Minimum Pulse Width 'cpu_clk'
Slack : -3.000
TNS   : -593.350

Type  : Slow 1200mV 85C Model Minimum Pulse Width 'MainMemory:Unit2|clk_8th'
Slack : -2.693
TNS   : -129.264

Type  : Slow 1200mV 85C Model Minimum Pulse Width 'ctrl_unit:Unit0|controller:U0|IRld_ctrl'
Slack : 0.375
TNS   : 0.000

Type  : Slow 1200mV 85C Model Minimum Pulse Width 'ctrl_unit:Unit0|controller:U0|ALUs_ctrl[0]'
Slack : 0.435
TNS   : 0.000

Type  : Slow 1200mV 0C Model Setup 'cpu_clk'
Slack : -5.931
TNS   : -1507.403

Type  : Slow 1200mV 0C Model Setup 'ctrl_unit:Unit0|controller:U0|ALUs_ctrl[0]'
Slack : -3.816
TNS   : -98.955

Type  : Slow 1200mV 0C Model Setup 'ctrl_unit:Unit0|controller:U0|IRld_ctrl'
Slack : -2.690
TNS   : -33.789

Type  : Slow 1200mV 0C Model Setup 'MainMemory:Unit2|clk_8th'
Slack : -2.125
TNS   : -54.982

Type  : Slow 1200mV 0C Model Hold 'ctrl_unit:Unit0|controller:U0|ALUs_ctrl[0]'
Slack : -2.745
TNS   : -39.690

Type  : Slow 1200mV 0C Model Hold 'cpu_clk'
Slack : -2.601
TNS   : -10.175

Type  : Slow 1200mV 0C Model Hold 'MainMemory:Unit2|clk_8th'
Slack : -0.840
TNS   : -8.520

Type  : Slow 1200mV 0C Model Hold 'ctrl_unit:Unit0|controller:U0|IRld_ctrl'
Slack : 1.339
TNS   : 0.000

Type  : Slow 1200mV 0C Model Recovery 'cpu_clk'
Slack : -0.532
TNS   : -8.512

Type  : Slow 1200mV 0C Model Removal 'cpu_clk'
Slack : 1.114
TNS   : 0.000

Type  : Slow 1200mV 0C Model Minimum Pulse Width 'cpu_clk'
Slack : -3.000
TNS   : -593.270

Type  : Slow 1200mV 0C Model Minimum Pulse Width 'MainMemory:Unit2|clk_8th'
Slack : -2.649
TNS   : -127.152

Type  : Slow 1200mV 0C Model Minimum Pulse Width 'ctrl_unit:Unit0|controller:U0|ALUs_ctrl[0]'
Slack : 0.444
TNS   : 0.000

Type  : Slow 1200mV 0C Model Minimum Pulse Width 'ctrl_unit:Unit0|controller:U0|IRld_ctrl'
Slack : 0.465
TNS   : 0.000

Type  : Fast 1200mV 0C Model Setup 'cpu_clk'
Slack : -2.781
TNS   : -671.920

Type  : Fast 1200mV 0C Model Setup 'ctrl_unit:Unit0|controller:U0|ALUs_ctrl[0]'
Slack : -1.553
TNS   : -37.709

Type  : Fast 1200mV 0C Model Setup 'MainMemory:Unit2|clk_8th'
Slack : -1.185
TNS   : -16.548

Type  : Fast 1200mV 0C Model Setup 'ctrl_unit:Unit0|controller:U0|IRld_ctrl'
Slack : -1.117
TNS   : -12.280

Type  : Fast 1200mV 0C Model Hold 'ctrl_unit:Unit0|controller:U0|ALUs_ctrl[0]'
Slack : -1.792
TNS   : -28.986

Type  : Fast 1200mV 0C Model Hold 'cpu_clk'
Slack : -1.567
TNS   : -6.392

Type  : Fast 1200mV 0C Model Hold 'MainMemory:Unit2|clk_8th'
Slack : -0.452
TNS   : -4.885

Type  : Fast 1200mV 0C Model Hold 'ctrl_unit:Unit0|controller:U0|IRld_ctrl'
Slack : 0.753
TNS   : 0.000

Type  : Fast 1200mV 0C Model Recovery 'cpu_clk'
Slack : 0.143
TNS   : 0.000

Type  : Fast 1200mV 0C Model Removal 'cpu_clk'
Slack : 0.562
TNS   : 0.000

Type  : Fast 1200mV 0C Model Minimum Pulse Width 'cpu_clk'
Slack : -3.000
TNS   : -468.480

Type  : Fast 1200mV 0C Model Minimum Pulse Width 'MainMemory:Unit2|clk_8th'
Slack : -1.000
TNS   : -48.000

Type  : Fast 1200mV 0C Model Minimum Pulse Width 'ctrl_unit:Unit0|controller:U0|IRld_ctrl'
Slack : 0.288
TNS   : 0.000

Type  : Fast 1200mV 0C Model Minimum Pulse Width 'ctrl_unit:Unit0|controller:U0|ALUs_ctrl[0]'
Slack : 0.381
TNS   : 0.000

------------------------------------------------------------
