------------------------------------------------------------
TimeQuest Timing Analyzer Summary
------------------------------------------------------------

Type  : Slow 1200mV 85C Model Setup 'cpu_clk'
Slack : -5.677
TNS   : -1670.316

Type  : Slow 1200mV 85C Model Setup 'ctrl_unit:Unit0|controller:U0|ALUs_ctrl[0]'
Slack : -3.846
TNS   : -98.858

Type  : Slow 1200mV 85C Model Setup 'ctrl_unit:Unit0|controller:U0|IRld_ctrl'
Slack : -1.312
TNS   : -14.964

Type  : Slow 1200mV 85C Model Hold 'ctrl_unit:Unit0|controller:U0|ALUs_ctrl[0]'
Slack : -3.015
TNS   : -47.168

Type  : Slow 1200mV 85C Model Hold 'cpu_clk'
Slack : -2.856
TNS   : -5.699

Type  : Slow 1200mV 85C Model Hold 'ctrl_unit:Unit0|controller:U0|IRld_ctrl'
Slack : 0.119
TNS   : 0.000

Type  : Slow 1200mV 85C Model Recovery 'cpu_clk'
Slack : -1.031
TNS   : -16.496

Type  : Slow 1200mV 85C Model Removal 'cpu_clk'
Slack : 1.532
TNS   : 0.000

Type  : Slow 1200mV 85C Model Minimum Pulse Width 'cpu_clk'
Slack : -3.000
TNS   : -684.048

Type  : Slow 1200mV 85C Model Minimum Pulse Width 'ctrl_unit:Unit0|controller:U0|ALUs_ctrl[0]'
Slack : 0.435
TNS   : 0.000

Type  : Slow 1200mV 85C Model Minimum Pulse Width 'ctrl_unit:Unit0|controller:U0|IRld_ctrl'
Slack : 0.443
TNS   : 0.000

Type  : Slow 1200mV 0C Model Setup 'cpu_clk'
Slack : -5.098
TNS   : -1486.716

Type  : Slow 1200mV 0C Model Setup 'ctrl_unit:Unit0|controller:U0|ALUs_ctrl[0]'
Slack : -3.459
TNS   : -88.637

Type  : Slow 1200mV 0C Model Setup 'ctrl_unit:Unit0|controller:U0|IRld_ctrl'
Slack : -1.249
TNS   : -14.449

Type  : Slow 1200mV 0C Model Hold 'ctrl_unit:Unit0|controller:U0|ALUs_ctrl[0]'
Slack : -2.688
TNS   : -41.294

Type  : Slow 1200mV 0C Model Hold 'cpu_clk'
Slack : -2.603
TNS   : -5.193

Type  : Slow 1200mV 0C Model Hold 'ctrl_unit:Unit0|controller:U0|IRld_ctrl'
Slack : 0.218
TNS   : 0.000

Type  : Slow 1200mV 0C Model Recovery 'cpu_clk'
Slack : -0.845
TNS   : -13.520

Type  : Slow 1200mV 0C Model Removal 'cpu_clk'
Slack : 1.403
TNS   : 0.000

Type  : Slow 1200mV 0C Model Minimum Pulse Width 'cpu_clk'
Slack : -3.000
TNS   : -681.872

Type  : Slow 1200mV 0C Model Minimum Pulse Width 'ctrl_unit:Unit0|controller:U0|ALUs_ctrl[0]'
Slack : 0.389
TNS   : 0.000

Type  : Slow 1200mV 0C Model Minimum Pulse Width 'ctrl_unit:Unit0|controller:U0|IRld_ctrl'
Slack : 0.401
TNS   : 0.000

Type  : Fast 1200mV 0C Model Setup 'cpu_clk'
Slack : -2.475
TNS   : -664.461

Type  : Fast 1200mV 0C Model Setup 'ctrl_unit:Unit0|controller:U0|ALUs_ctrl[0]'
Slack : -1.373
TNS   : -31.326

Type  : Fast 1200mV 0C Model Setup 'ctrl_unit:Unit0|controller:U0|IRld_ctrl'
Slack : -0.378
TNS   : -2.623

Type  : Fast 1200mV 0C Model Hold 'ctrl_unit:Unit0|controller:U0|ALUs_ctrl[0]'
Slack : -1.810
TNS   : -30.480

Type  : Fast 1200mV 0C Model Hold 'cpu_clk'
Slack : -1.564
TNS   : -3.118

Type  : Fast 1200mV 0C Model Hold 'ctrl_unit:Unit0|controller:U0|IRld_ctrl'
Slack : 0.182
TNS   : 0.000

Type  : Fast 1200mV 0C Model Recovery 'cpu_clk'
Slack : -0.058
TNS   : -0.928

Type  : Fast 1200mV 0C Model Removal 'cpu_clk'
Slack : 0.732
TNS   : 0.000

Type  : Fast 1200mV 0C Model Minimum Pulse Width 'cpu_clk'
Slack : -3.000
TNS   : -490.336

Type  : Fast 1200mV 0C Model Minimum Pulse Width 'ctrl_unit:Unit0|controller:U0|IRld_ctrl'
Slack : 0.327
TNS   : 0.000

Type  : Fast 1200mV 0C Model Minimum Pulse Width 'ctrl_unit:Unit0|controller:U0|ALUs_ctrl[0]'
Slack : 0.399
TNS   : 0.000

------------------------------------------------------------
