EDA Netlist Writer report for TB_mp
Mon Mar 23 13:23:20 2015
Quartus II 64-Bit Version 13.0.1 Build 232 06/12/2013 Service Pack 1 SJ Full Version


---------------------
; Table of Contents ;
---------------------
  1. Legal Notice
  2. EDA Netlist Writer Summary
  3. EDA Netlist Writer Messages



----------------
; Legal Notice ;
----------------
Copyright (C) 1991-2013 Altera Corporation
Your use of Altera Corporation's design tools, logic functions 
and other software and tools, and its AMPP partner logic 
functions, and any output files from any of the foregoing 
(including device programming or simulation files), and any 
associated documentation or information are expressly subject 
to the terms and conditions of the Altera Program License 
Subscription Agreement, Altera MegaCore Function License 
Agreement, or other applicable license agreement, including, 
without limitation, that your use is for the sole purpose of 
programming logic devices manufactured by Altera and sold by 
Altera or its authorized distributors.  Please refer to the 
applicable agreement for further details.



+-------------------------------------------------------------------+
; EDA Netlist Writer Summary                                        ;
+---------------------------+---------------------------------------+
; EDA Netlist Writer Status ; Successful - Mon Mar 23 13:23:20 2015 ;
; Revision Name             ; TB_mp                                 ;
; Top-level Entity Name     ; outputControl                         ;
; Family                    ; Cyclone IV E                          ;
+---------------------------+---------------------------------------+


+-----------------------------+
; EDA Netlist Writer Messages ;
+-----------------------------+
Info: *******************************************************************
Info: Running Quartus II 64-Bit EDA Netlist Writer
    Info: Version 13.0.1 Build 232 06/12/2013 Service Pack 1 SJ Full Version
    Info: Processing started: Mon Mar 23 13:23:19 2015
Info: Command: quartus_eda --gen_testbench --check_outputs=on --tool=modelsim_oem --format=verilog TB_mp -c TB_mp --vector_source=C:/Users/user/Downloads/ECE3242_SetCaching/Microprocessor_EnhancedSystem/outputControlTest.vwf --testbench_file=C:/Users/user/Downloads/ECE3242_SetCaching/Microprocessor_EnhancedSystem/simulation/modelsim/outputControlTest.vwf.vt
Info (201000): Generated Verilog Test Bench File C:/Users/user/Downloads/ECE3242_SetCaching/Microprocessor_EnhancedSystem/simulation/modelsim/outputControlTest.vwf.vt for simulation
Info: Quartus II 64-Bit EDA Netlist Writer was successful. 0 errors, 0 warnings
    Info: Peak virtual memory: 422 megabytes
    Info: Processing ended: Mon Mar 23 13:23:21 2015
    Info: Elapsed time: 00:00:02
    Info: Total CPU time (on all processors): 00:00:01


