------------------------------------------------------------
TimeQuest Timing Analyzer Summary
------------------------------------------------------------

Type  : Slow 1200mV 85C Model Setup 'cpu_clk'
Slack : -6.235
TNS   : -1618.909

Type  : Slow 1200mV 85C Model Setup 'ctrl_unit:Unit0|controller:U0|IRld_ctrl'
Slack : -2.736
TNS   : -39.837

Type  : Slow 1200mV 85C Model Hold 'cpu_clk'
Slack : -2.882
TNS   : -2.997

Type  : Slow 1200mV 85C Model Hold 'ctrl_unit:Unit0|controller:U0|IRld_ctrl'
Slack : 1.576
TNS   : 0.000

Type  : Slow 1200mV 85C Model Recovery 'cpu_clk'
Slack : -0.678
TNS   : -10.848

Type  : Slow 1200mV 85C Model Removal 'cpu_clk'
Slack : 1.192
TNS   : 0.000

Type  : Slow 1200mV 85C Model Minimum Pulse Width 'cpu_clk'
Slack : -3.000
TNS   : -541.305

Type  : Slow 1200mV 85C Model Minimum Pulse Width 'ctrl_unit:Unit0|controller:U0|IRld_ctrl'
Slack : 0.428
TNS   : 0.000

Type  : Slow 1200mV 0C Model Setup 'cpu_clk'
Slack : -5.582
TNS   : -1443.712

Type  : Slow 1200mV 0C Model Setup 'ctrl_unit:Unit0|controller:U0|IRld_ctrl'
Slack : -2.532
TNS   : -36.873

Type  : Slow 1200mV 0C Model Hold 'cpu_clk'
Slack : -2.628
TNS   : -2.693

Type  : Slow 1200mV 0C Model Hold 'ctrl_unit:Unit0|controller:U0|IRld_ctrl'
Slack : 1.531
TNS   : 0.000

Type  : Slow 1200mV 0C Model Recovery 'cpu_clk'
Slack : -0.510
TNS   : -8.160

Type  : Slow 1200mV 0C Model Removal 'cpu_clk'
Slack : 1.096
TNS   : 0.000

Type  : Slow 1200mV 0C Model Minimum Pulse Width 'cpu_clk'
Slack : -3.000
TNS   : -540.425

Type  : Slow 1200mV 0C Model Minimum Pulse Width 'ctrl_unit:Unit0|controller:U0|IRld_ctrl'
Slack : 0.463
TNS   : 0.000

Type  : Fast 1200mV 0C Model Setup 'cpu_clk'
Slack : -2.547
TNS   : -625.901

Type  : Fast 1200mV 0C Model Setup 'ctrl_unit:Unit0|controller:U0|IRld_ctrl'
Slack : -1.153
TNS   : -16.417

Type  : Fast 1200mV 0C Model Hold 'cpu_clk'
Slack : -1.585
TNS   : -1.827

Type  : Fast 1200mV 0C Model Hold 'ctrl_unit:Unit0|controller:U0|IRld_ctrl'
Slack : 0.991
TNS   : 0.000

Type  : Fast 1200mV 0C Model Recovery 'cpu_clk'
Slack : 0.150
TNS   : 0.000

Type  : Fast 1200mV 0C Model Removal 'cpu_clk'
Slack : 0.555
TNS   : 0.000

Type  : Fast 1200mV 0C Model Minimum Pulse Width 'cpu_clk'
Slack : -3.000
TNS   : -426.074

Type  : Fast 1200mV 0C Model Minimum Pulse Width 'ctrl_unit:Unit0|controller:U0|IRld_ctrl'
Slack : 0.416
TNS   : 0.000

------------------------------------------------------------
